=== QCM 词源自进化（20260820-132418 · dry-run）===
=== [1/5] 观测环 · 未命中词统计 ===
未命中词观测：跟踪 12 词 · 达阈值 3（≥3）
  🔍 空蚀机理分析（3 次 · 最近 2026-08-20T11:21）
  🔍 船舶螺旋桨空（3 次 · 最近 2026-08-20T11:21）
  🔍 船舶螺旋桨空蚀机理分析（3 次 · 最近 2026-08-20T11:21）
=== [2/5] 检测环 · 词源同类语义检测 ===
QCM 词源同类语义检测（14 条关系 · 归一化覆盖 2.2%）
  🟡 [近拼易混] dfmea ~ fmea（conf=0.6）近拼但语义可能不同，标注易混淆对（人工确认）
  🟡 [近拼易混] ipqc ~ iqc（conf=0.6）近拼但语义可能不同，标注易混淆对（人工确认）
  🟡 [近拼易混] npi ~ nps（conf=0.6）近拼但语义可能不同，标注易混淆对（人工确认）
  🟡 [近拼易混] vda ~ vda6（conf=0.6）近拼但语义可能不同，标注易混淆对（人工确认）
  🟡 [近拼易混] 不合格 ~ 不合格率（conf=0.9）疑似同义，建议并入 SYNONYM_MAP
  🟡 [近拼易混] 不良率 ~ 良率（conf=0.6）近拼但语义可能不同，标注易混淆对（人工确认）
  🟡 [近拼易混] 工艺 ~ 新工艺（conf=0.6）近拼但语义可能不同，标注易混淆对（人工确认）
  🟡 [近拼易混] 微裂纹 ~ 裂纹（conf=0.6）近拼但语义可能不同，标注易混淆对（人工确认）
  🟡 [近拼易混] 损耗 ~ 损耗率（conf=0.6）近拼但语义可能不同，标注易混淆对（人工确认）
  🔴 [同根跨意图] 损耗 ~ 损耗率（conf=0.85）同一词根分属 ①危机处置/②流程优化，确认语义是否漂移
  🟡 [上下位] 不合格 ~ 不合格率（conf=0.8）不合格率 是 不合格 的子类，可归为同词族（热词升级时确认）
  🟡 [上下位] 文化 ~ 质量文化（conf=0.8）质量文化 是 文化 的子类，可归为同词族（热词升级时确认）
  🟡 [上下位] 超差 ~ 边缘超差（conf=0.8）边缘超差 是 超差 的子类，可归为同词族（热词升级时确认）
  🔴 [互补指标] 良率 ~ 不良率（conf=0.95）互补指标未归一化，建议同族管理（如路由歧义联动）

严重警告（同根跨意图/未归一化互补）：0 项
=== [3/5] 决策环 · 生命周期（回填/检查/迁移） ===
ℹ️  全部词已有 created_at 元数据
QCM 热词生命周期健康检查
  状态分布: {'stable': 110, 'archived': 4, 'active': 58, 'new': 7}
  严重问题: 0 项 · 警告/建议: 0 项
  (dry-run：跳过 --promote 写回)
=== [4/5] 回灌环 · 词源协同（别名/M4） ===
别名回灌: no_new（合并 0 组 · 总组 9）
gap_tracker 待回源: 7 条 · Infoseek 可用
  - [2026-08-18 08:30] 汽车焊接虚焊客诉（汽车行业,工具缺失）
  - [2026-08-18 08:30] 船舶螺旋桨空蚀机理分析（船舶行业,标准缺失）
  - [2026-08-20 08:44] 半导体封装金线键合虚焊复发（半导体行业新工艺,工具缺失,标准缺失）
=== [5/5] 指标采集 ===
['qcm_keyword_intent_capacity{intent="③评估审计"} 8', 'qcm_keyword_intent_capacity{intent="④知识学习"} 10', 'qcm_keyword_intent_capacity{intent="⑤知识沉淀"} 11', 'qcm_keyword_intent_capacity{intent="⑥质量文化"} 24', 'qcm_keyword_total 179', 'qcm_uptime_seconds 0.1']

✅ 词源自进化闭环执行完成（dry-run · 未写回词库）（归档: C:\Users\shen.fu.hai\.workbuddy\skills\QCM/references/automation_log/word_evolution-20260820-132418.log）
